app/chat/page.tsx(314,90): error TS18047: 'user' is possibly 'null'.
app/create/page.tsx(248,20): error TS2322: Type '"accent"' is not assignable to type '"sage" | "gray" | "blue" | "green" | "red" | undefined'.
app/dashboard/page.tsx(152,210): error TS2339: Property 'level' does not exist on type 'User'.
app/dashboard/page.tsx(161,51): error TS2339: Property 'xp' does not exist on type 'User'.
app/dashboard/page.tsx(161,74): error TS2339: Property 'xp' does not exist on type 'User'.
app/dashboard/page.tsx(166,45): error TS2339: Property 'xp' does not exist on type 'User'.
app/dashboard/page.tsx(170,60): error TS2339: Property 'xp' does not exist on type 'User'.
app/dashboard/page.tsx(170,93): error TS2339: Property 'xp' does not exist on type 'User'.
app/dashboard/page.tsx(170,136): error TS2339: Property 'xp' does not exist on type 'User'.
app/dashboard/page.tsx(170,170): error TS2339: Property 'xp' does not exist on type 'User'.
app/dashboard/page.tsx(175,76): error TS2339: Property 'xp' does not exist on type 'User'.
app/dashboard/page.tsx(175,109): error TS2339: Property 'xp' does not exist on type 'User'.
app/dashboard/page.tsx(175,152): error TS2339: Property 'xp' does not exist on type 'User'.
app/dashboard/page.tsx(175,186): error TS2339: Property 'xp' does not exist on type 'User'.
app/intent/[id]/page.tsx(23,3): error TS2305: Module '"lucide-react"' has no exported member 'Avatar'.
app/intent/[id]/page.tsx(250,18): error TS2322: Type '{ activePage: string; }' is not assignable to type 'IntrinsicAttributes'.
  Property 'activePage' does not exist on type 'IntrinsicAttributes'.
app/intent/[id]/page.tsx(261,18): error TS2322: Type '{ activePage: string; }' is not assignable to type 'IntrinsicAttributes'.
  Property 'activePage' does not exist on type 'IntrinsicAttributes'.
app/intent/[id]/page.tsx(282,16): error TS2322: Type '{ activePage: string; }' is not assignable to type 'IntrinsicAttributes'.
  Property 'activePage' does not exist on type 'IntrinsicAttributes'.
app/intent/[id]/page.tsx(306,27): error TS2322: Type '"accent"' is not assignable to type '"sage" | "gray" | "blue" | "green" | "red" | undefined'.
app/intent/[id]/page.tsx(396,24): error TS2322: Type 'string | number' is not assignable to type 'string'.
  Type 'number' is not assignable to type 'string'.
app/intent/[id]/page.tsx(417,29): error TS2322: Type '"accent"' is not assignable to type '"primary" | "secondary" | "outline" | "ghost" | undefined'.
app/intent/[id]/page.tsx(435,43): error TS2322: Type '"accent"' is not assignable to type '"primary" | "secondary" | "outline" | "ghost" | undefined'.
app/intent/[id]/page.tsx(461,43): error TS2322: Type '"accent"' is not assignable to type '"primary" | "secondary" | "outline" | "ghost" | undefined'.
app/intent/[id]/page.tsx(488,58): error TS2322: Type '"accent"' is not assignable to type '"primary" | "secondary" | "outline" | "ghost" | undefined'.
app/intent/[id]/page.tsx(511,43): error TS2322: Type '"accent"' is not assignable to type '"primary" | "secondary" | "outline" | "ghost" | undefined'.
app/intent/[id]/page.tsx(526,43): error TS2322: Type '"accent"' is not assignable to type '"primary" | "secondary" | "outline" | "ghost" | undefined'.
app/intent/[id]/page.tsx(598,32): error TS2322: Type '"outline"' is not assignable to type '"sage" | "gray" | "blue" | "green" | "red" | undefined'.
app/intent/[id]/page.tsx(653,138): error TS2339: Property 'level' does not exist on type '{ id: string; name: string; email: string; avatar_url?: string | undefined; }'.
app/intent/[id]/page.tsx(653,174): error TS2339: Property 'level' does not exist on type '{ id: string; name: string; email: string; avatar_url?: string | undefined; }'.
app/intent/[id]/page.tsx(671,92): error TS2339: Property 'accepted_count' does not exist on type 'Intent'.
app/intent/[id]/page.tsx(676,89): error TS2339: Property 'request_count' does not exist on type 'Intent'.
app/my-collaborations/page.tsx(170,25): error TS2367: This comparison appears to be unintentional because the types '"looking" | "in_progress" | "completed"' and '"rejected"' have no overlap.
app/my-collaborations/page.tsx(171,25): error TS2367: This comparison appears to be unintentional because the types '"looking" | "in_progress" | "completed"' and '"pending"' have no overlap.
app/my-collaborations/page.tsx(178,21): error TS2367: This comparison appears to be unintentional because the types '"looking" | "in_progress" | "completed"' and '"rejected"' have no overlap.
app/my-collaborations/page.tsx(186,21): error TS2367: This comparison appears to be unintentional because the types '"looking" | "in_progress" | "completed"' and '"pending"' have no overlap.
app/profile/page.tsx(44,11): error TS2339: Property 'notify' does not exist on type 'ToastContextType'.
app/profile/page.tsx(79,26): error TS2339: Property 'target_goal' does not exist on type 'User'.
app/profile/page.tsx(92,43): error TS2339: Property 'target_goal' does not exist on type 'User'.
app/profile/page.tsx(144,19): error TS2339: Property 'age' does not exist on type 'User'.
app/profile/page.tsx(145,22): error TS2339: Property 'gender' does not exist on type 'User'.
app/profile/page.tsx(146,39): error TS2339: Property 'interests' does not exist on type 'User'.
app/profile/page.tsx(146,57): error TS2339: Property 'interests' does not exist on type 'User'.
app/profile/page.tsx(147,27): error TS2339: Property 'target_goal' does not exist on type 'User'.
app/profile/page.tsx(149,44): error TS2339: Property 'interests' does not exist on type 'User'.
app/profile/page.tsx(149,62): error TS2339: Property 'interests' does not exist on type 'User'.
app/profile/page.tsx(505,34): error TS2322: Type '"accent"' is not assignable to type '"sage" | "gray" | "blue" | "green" | "red" | undefined'.
app/profile/page.tsx(567,42): error TS2322: Type '"accent"' is not assignable to type '"sage" | "gray" | "blue" | "green" | "red" | undefined'.
app/profile/page.tsx(632,40): error TS2322: Type '"accent"' is not assignable to type '"sage" | "gray" | "blue" | "green" | "red" | undefined'.
app/skills/page.tsx(140,9): error TS2561: Object literal may only specify known properties, but 'meeting_link' does not exist in type '{ requestId: string; scheduledTime: string; meetingLink?: string | undefined; }'. Did you mean to write 'meetingLink'?
app/skills/page.tsx(202,9): error TS2304: Cannot find name 'router'.
components/Header.tsx(44,13): error TS7030: Not all code paths return a value.
components/IntentReviewModal.tsx(124,19): error TS2322: Type '"accent"' is not assignable to type '"primary" | "secondary" | "outline" | "ghost" | undefined'.
components/landing/BenefitCards.tsx(169,13): error TS7030: Not all code paths return a value.
components/ThemeProvider.tsx(5,41): error TS2307: Cannot find module 'next-themes/dist/types' or its corresponding type declarations.
components/Typewriter.tsx(67,15): error TS2322: Type '{ visible: { opacity: number; y: number; transition: { type: string; damping: number; stiffness: number; }; }; hidden: { opacity: number; y: number; }; }' is not assignable to type 'Variants'.
  Property 'visible' is incompatible with index signature.
    Type '{ opacity: number; y: number; transition: { type: string; damping: number; stiffness: number; }; }' is not assignable to type 'Variant'.
      Type '{ opacity: number; y: number; transition: { type: string; damping: number; stiffness: number; }; }' is not assignable to type 'TargetAndTransition'.
        Type '{ opacity: number; y: number; transition: { type: string; damping: number; stiffness: number; }; }' is not assignable to type '{ transition?: Transition<any> | undefined; transitionEnd?: ResolvedValues$1 | undefined; }'.
          Types of property 'transition' are incompatible.
            Type '{ type: string; damping: number; stiffness: number; }' is not assignable to type 'Transition<any> | undefined'.
              Type '{ type: string; damping: number; stiffness: number; }' is not assignable to type 'TransitionWithValueOverrides<any>'.
                Type '{ type: string; damping: number; stiffness: number; }' is not assignable to type 'ValueAnimationTransition<any>'.
                  Types of property 'type' are incompatible.
                    Type 'string' is not assignable to type 'AnimationGeneratorType | undefined'.
components/Typewriter.tsx(74,24): error TS2322: Type '{ visible: { opacity: number; y: number; transition: { type: string; damping: number; stiffness: number; }; }; hidden: { opacity: number; y: number; }; }' is not assignable to type 'Variants'.
  Property 'visible' is incompatible with index signature.
    Type '{ opacity: number; y: number; transition: { type: string; damping: number; stiffness: number; }; }' is not assignable to type 'Variant'.
      Type '{ opacity: number; y: number; transition: { type: string; damping: number; stiffness: number; }; }' is not assignable to type 'TargetAndTransition'.
        Type '{ opacity: number; y: number; transition: { type: string; damping: number; stiffness: number; }; }' is not assignable to type '{ transition?: Transition<any> | undefined; transitionEnd?: ResolvedValues$1 | undefined; }'.
          Types of property 'transition' are incompatible.
            Type '{ type: string; damping: number; stiffness: number; }' is not assignable to type 'Transition<any> | undefined'.
              Type '{ type: string; damping: number; stiffness: number; }' is not assignable to type 'TransitionWithValueOverrides<any>'.
                Type '{ type: string; damping: number; stiffness: number; }' is not assignable to type 'ValueAnimationTransition<any>'.
                  Types of property 'type' are incompatible.
                    Type 'string' is not assignable to type 'AnimationGeneratorType | undefined'.
